apps/api-gateway/src/proxy.controller.ts(27,30): error TS1272: A type referenced in a decorated signature must be imported with 'import type' or a namespace import when 'isolatedModules' and 'emitDecoratorMetadata' are enabled.
apps/api-gateway/src/proxy.controller.ts(33,38): error TS1272: A type referenced in a decorated signature must be imported with 'import type' or a namespace import when 'isolatedModules' and 'emitDecoratorMetadata' are enabled.
apps/api-gateway/src/proxy.controller.ts(53,35): error TS1272: A type referenced in a decorated signature must be imported with 'import type' or a namespace import when 'isolatedModules' and 'emitDecoratorMetadata' are enabled.
apps/api-gateway/src/proxy.controller.ts(59,33): error TS1272: A type referenced in a decorated signature must be imported with 'import type' or a namespace import when 'isolatedModules' and 'emitDecoratorMetadata' are enabled.
apps/api-gateway/src/proxy.controller.ts(65,39): error TS1272: A type referenced in a decorated signature must be imported with 'import type' or a namespace import when 'isolatedModules' and 'emitDecoratorMetadata' are enabled.
apps/api-gateway/src/proxy.controller.ts(84,26): error TS1272: A type referenced in a decorated signature must be imported with 'import type' or a namespace import when 'isolatedModules' and 'emitDecoratorMetadata' are enabled.
apps/api-gateway/src/proxy.controller.ts(111,10): error TS2322: Type '{ firstName: string; lastName: string; avatarUrl: null; }' is not assignable to type 'null'.
apps/api-gateway/src/search.controller.ts(17,26): error TS1272: A type referenced in a decorated signature must be imported with 'import type' or a namespace import when 'isolatedModules' and 'emitDecoratorMetadata' are enabled.
apps/api-gateway/test/app.e2e-spec.ts(19,12): error TS2349: This expression is not callable.
  Type '{ default: SuperTestStatic; Test: typeof Test; agent: typeof TestAgent & ((app?: App | undefined, options?: AgentOptions | undefined) => TestAgent<...>); }' has no call signatures.
apps/audit-service/src/audit-service.controller.spec.ts(19,37): error TS2339: Property 'getHello' does not exist on type 'AuditServiceController'.
apps/audit-service/test/app.e2e-spec.ts(19,12): error TS2349: This expression is not callable.
  Type '{ default: SuperTestStatic; Test: typeof Test; agent: typeof TestAgent & ((app?: App | undefined, options?: AgentOptions | undefined) => TestAgent<...>); }' has no call signatures.
apps/notification-service/src/notification-service.controller.spec.ts(19,44): error TS2339: Property 'getHello' does not exist on type 'NotificationServiceController'.
apps/notification-service/test/app.e2e-spec.ts(19,12): error TS2349: This expression is not callable.
  Type '{ default: SuperTestStatic; Test: typeof Test; agent: typeof TestAgent & ((app?: App | undefined, options?: AgentOptions | undefined) => TestAgent<...>); }' has no call signatures.
apps/user-service/src/users/users.controller.ts(33,38): error TS1272: A type referenced in a decorated signature must be imported with 'import type' or a namespace import when 'isolatedModules' and 'emitDecoratorMetadata' are enabled.
apps/user-service/src/users/users.controller.ts(63,30): error TS1272: A type referenced in a decorated signature must be imported with 'import type' or a namespace import when 'isolatedModules' and 'emitDecoratorMetadata' are enabled.
frontend/src/app/dashboard/activity/page.tsx(13,17): error TS2307: Cannot find module '@/lib/api' or its corresponding type declarations.
frontend/src/app/dashboard/activity/page.tsx(14,29): error TS2307: Cannot find module '@/components/layout/DashboardLayout' or its corresponding type declarations.
frontend/src/app/dashboard/activity/page.tsx(16,20): error TS2307: Cannot find module '@/lib/utils' or its corresponding type declarations.
frontend/src/app/dashboard/activity/page.tsx(17,26): error TS2307: Cannot find module '@/types' or its corresponding type declarations.
frontend/src/app/dashboard/activity/page.tsx(52,5): error TS17004: Cannot use JSX unless the '--jsx' flag is provided.
frontend/src/app/dashboard/activity/page.tsx(53,7): error TS17004: Cannot use JSX unless the '--jsx' flag is provided.
frontend/src/app/dashboard/activity/page.tsx(54,9): error TS17004: Cannot use JSX unless the '--jsx' flag is provided.
frontend/src/app/dashboard/activity/page.tsx(55,11): error TS17004: Cannot use JSX unless the '--jsx' flag is provided.
frontend/src/app/dashboard/activity/page.tsx(56,13): error TS17004: Cannot use JSX unless the '--jsx' flag is provided.
frontend/src/app/dashboard/activity/page.tsx(57,13): error TS17004: Cannot use JSX unless the '--jsx' flag is provided.
frontend/src/app/dashboard/activity/page.tsx(59,11): error TS17004: Cannot use JSX unless the '--jsx' flag is provided.
frontend/src/app/dashboard/activity/page.tsx(63,13): error TS17004: Cannot use JSX unless the '--jsx' flag is provided.
frontend/src/app/dashboard/activity/page.tsx(64,13): error TS17004: Cannot use JSX unless the '--jsx' flag is provided.
frontend/src/app/dashboard/activity/page.tsx(68,9): error TS17004: Cannot use JSX unless the '--jsx' flag is provided.
frontend/src/app/dashboard/activity/page.tsx(69,11): error TS17004: Cannot use JSX unless the '--jsx' flag is provided.
frontend/src/app/dashboard/activity/page.tsx(71,11): error TS17004: Cannot use JSX unless the '--jsx' flag is provided.
frontend/src/app/dashboard/activity/page.tsx(73,15): error TS17004: Cannot use JSX unless the '--jsx' flag is provided.
frontend/src/app/dashboard/activity/page.tsx(75,19): error TS17004: Cannot use JSX unless the '--jsx' flag is provided.
frontend/src/app/dashboard/activity/page.tsx(76,21): error TS17004: Cannot use JSX unless the '--jsx' flag is provided.
frontend/src/app/dashboard/activity/page.tsx(77,21): error TS17004: Cannot use JSX unless the '--jsx' flag is provided.
frontend/src/app/dashboard/activity/page.tsx(78,23): error TS17004: Cannot use JSX unless the '--jsx' flag is provided.
frontend/src/app/dashboard/activity/page.tsx(79,23): error TS17004: Cannot use JSX unless the '--jsx' flag is provided.
frontend/src/app/dashboard/activity/page.tsx(85,15): error TS17004: Cannot use JSX unless the '--jsx' flag is provided.
frontend/src/app/dashboard/activity/page.tsx(86,17): error TS17004: Cannot use JSX unless the '--jsx' flag is provided.
frontend/src/app/dashboard/activity/page.tsx(87,17): error TS17004: Cannot use JSX unless the '--jsx' flag is provided.
frontend/src/app/dashboard/activity/page.tsx(90,15): error TS17004: Cannot use JSX unless the '--jsx' flag is provided.
frontend/src/app/dashboard/activity/page.tsx(91,17): error TS17004: Cannot use JSX unless the '--jsx' flag is provided.
frontend/src/app/dashboard/activity/page.tsx(95,23): error TS17004: Cannot use JSX unless the '--jsx' flag is provided.
frontend/src/app/dashboard/activity/page.tsx(96,25): error TS17004: Cannot use JSX unless the '--jsx' flag is provided.
frontend/src/app/dashboard/activity/page.tsx(98,29): error TS17004: Cannot use JSX unless the '--jsx' flag is provided.
frontend/src/app/dashboard/activity/page.tsx(100,27): error TS17004: Cannot use JSX unless the '--jsx' flag is provided.
frontend/src/app/dashboard/activity/page.tsx(101,29): error TS17004: Cannot use JSX unless the '--jsx' flag is provided.
frontend/src/app/dashboard/activity/page.tsx(102,31): error TS17004: Cannot use JSX unless the '--jsx' flag is provided.
frontend/src/app/dashboard/activity/page.tsx(104,29): error TS17004: Cannot use JSX unless the '--jsx' flag is provided.
frontend/src/app/dashboard/activity/page.tsx(105,31): error TS17004: Cannot use JSX unless the '--jsx' flag is provided.
frontend/src/app/dashboard/activity/page.tsx(106,33): error TS17004: Cannot use JSX unless the '--jsx' flag is provided.
frontend/src/app/dashboard/activity/page.tsx(108,35): error TS17004: Cannot use JSX unless the '--jsx' flag is provided.
frontend/src/app/dashboard/activity/page.tsx(111,31): error TS17004: Cannot use JSX unless the '--jsx' flag is provided.
frontend/src/app/dashboard/activity/page.tsx(112,33): error TS17004: Cannot use JSX unless the '--jsx' flag is provided.
frontend/src/app/dashboard/activity/page.tsx(113,35): error TS17004: Cannot use JSX unless the '--jsx' flag is provided.
frontend/src/app/dashboard/activity/page.tsx(117,35): error TS17004: Cannot use JSX unless the '--jsx' flag is provided.
frontend/src/app/dashboard/history/page.tsx(15,17): error TS2307: Cannot find module '@/lib/api' or its corresponding type declarations.
frontend/src/app/dashboard/history/page.tsx(16,29): error TS2307: Cannot find module '@/components/layout/DashboardLayout' or its corresponding type declarations.
frontend/src/app/dashboard/history/page.tsx(17,29): error TS2307: Cannot find module '@/types' or its corresponding type declarations.
frontend/src/app/dashboard/history/page.tsx(19,20): error TS2307: Cannot find module '@/lib/utils' or its corresponding type declarations.
frontend/src/app/dashboard/history/page.tsx(42,5): error TS17004: Cannot use JSX unless the '--jsx' flag is provided.
frontend/src/app/dashboard/history/page.tsx(43,7): error TS17004: Cannot use JSX unless the '--jsx' flag is provided.
frontend/src/app/dashboard/history/page.tsx(44,9): error TS17004: Cannot use JSX unless the '--jsx' flag is provided.
frontend/src/app/dashboard/history/page.tsx(45,11): error TS17004: Cannot use JSX unless the '--jsx' flag is provided.
frontend/src/app/dashboard/history/page.tsx(46,13): error TS17004: Cannot use JSX unless the '--jsx' flag is provided.
frontend/src/app/dashboard/history/page.tsx(47,13): error TS17004: Cannot use JSX unless the '--jsx' flag is provided.
frontend/src/app/dashboard/history/page.tsx(49,11): error TS17004: Cannot use JSX unless the '--jsx' flag is provided.
frontend/src/app/dashboard/history/page.tsx(50,13): error TS17004: Cannot use JSX unless the '--jsx' flag is provided.
frontend/src/app/dashboard/history/page.tsx(51,15): error TS17004: Cannot use JSX unless the '--jsx' flag is provided.
frontend/src/app/dashboard/history/page.tsx(52,15): error TS17004: Cannot use JSX unless the '--jsx' flag is provided.
frontend/src/app/dashboard/history/page.tsx(58,9): error TS17004: Cannot use JSX unless the '--jsx' flag is provided.
frontend/src/app/dashboard/history/page.tsx(59,11): error TS17004: Cannot use JSX unless the '--jsx' flag is provided.
frontend/src/app/dashboard/history/page.tsx(60,13): error TS17004: Cannot use JSX unless the '--jsx' flag is provided.
frontend/src/app/dashboard/history/page.tsx(61,13): error TS17004: Cannot use JSX unless the '--jsx' flag is provided.
frontend/src/app/dashboard/history/page.tsx(66,11): error TS17004: Cannot use JSX unless the '--jsx' flag is provided.
frontend/src/app/dashboard/history/page.tsx(67,13): error TS17004: Cannot use JSX unless the '--jsx' flag is provided.
frontend/src/app/dashboard/history/page.tsx(68,15): error TS17004: Cannot use JSX unless the '--jsx' flag is provided.
frontend/src/app/dashboard/history/page.tsx(69,15): error TS17004: Cannot use JSX unless the '--jsx' flag is provided.
frontend/src/app/dashboard/history/page.tsx(75,9): error TS17004: Cannot use JSX unless the '--jsx' flag is provided.
frontend/src/app/dashboard/history/page.tsx(76,11): error TS17004: Cannot use JSX unless the '--jsx' flag is provided.
frontend/src/app/dashboard/history/page.tsx(77,13): error TS17004: Cannot use JSX unless the '--jsx' flag is provided.
frontend/src/app/dashboard/history/page.tsx(78,15): error TS17004: Cannot use JSX unless the '--jsx' flag is provided.
frontend/src/app/dashboard/history/page.tsx(79,17): error TS17004: Cannot use JSX unless the '--jsx' flag is provided.
frontend/src/app/dashboard/history/page.tsx(80,19): error TS17004: Cannot use JSX unless the '--jsx' flag is provided.
frontend/src/app/dashboard/history/page.tsx(81,19): error TS17004: Cannot use JSX unless the '--jsx' flag is provided.
frontend/src/app/dashboard/history/page.tsx(82,19): error TS17004: Cannot use JSX unless the '--jsx' flag is provided.
frontend/src/app/dashboard/history/page.tsx(83,19): error TS17004: Cannot use JSX unless the '--jsx' flag is provided.
frontend/src/app/dashboard/history/page.tsx(84,19): error TS17004: Cannot use JSX unless the '--jsx' flag is provided.
frontend/src/app/dashboard/history/page.tsx(87,15): error TS17004: Cannot use JSX unless the '--jsx' flag is provided.
frontend/src/app/dashboard/history/page.tsx(90,21): error TS17004: Cannot use JSX unless the '--jsx' flag is provided.
frontend/src/app/dashboard/history/page.tsx(91,23): error TS17004: Cannot use JSX unless the '--jsx' flag is provided.
frontend/src/app/dashboard/history/page.tsx(95,19): error TS17004: Cannot use JSX unless the '--jsx' flag is provided.
frontend/src/app/dashboard/history/page.tsx(96,21): error TS17004: Cannot use JSX unless the '--jsx' flag is provided.
frontend/src/app/dashboard/history/page.tsx(100,21): error TS17004: Cannot use JSX unless the '--jsx' flag is provided.
frontend/src/app/dashboard/history/page.tsx(101,23): error TS17004: Cannot use JSX unless the '--jsx' flag is provided.
frontend/src/app/dashboard/history/page.tsx(102,25): error TS17004: Cannot use JSX unless the '--jsx' flag is provided.
frontend/src/app/dashboard/history/page.tsx(103,27): error TS17004: Cannot use JSX unless the '--jsx' flag is provided.
frontend/src/app/dashboard/history/page.tsx(107,60): error TS17004: Cannot use JSX unless the '--jsx' flag is provided.
frontend/src/app/dashboard/history/page.tsx(107,99): error TS17004: Cannot use JSX unless the '--jsx' flag is provided.
frontend/src/app/dashboard/history/page.tsx(109,27): error TS17004: Cannot use JSX unless the '--jsx' flag is provided.
frontend/src/app/dashboard/history/page.tsx(114,23): error TS17004: Cannot use JSX unless the '--jsx' flag is provided.
frontend/src/app/dashboard/history/page.tsx(115,25): error TS17004: Cannot use JSX unless the '--jsx' flag is provided.
frontend/src/app/dashboard/history/page.tsx(116,27): error TS17004: Cannot use JSX unless the '--jsx' flag is provided.
frontend/src/app/dashboard/history/page.tsx(118,31): error TS17004: Cannot use JSX unless the '--jsx' flag is provided.
frontend/src/app/dashboard/history/page.tsx(123,27): error TS17004: Cannot use JSX unless the '--jsx' flag is provided.
frontend/src/app/dashboard/history/page.tsx(124,29): error TS17004: Cannot use JSX unless the '--jsx' flag is provided.
frontend/src/app/dashboard/history/page.tsx(127,29): error TS17004: Cannot use JSX unless the '--jsx' flag is provided.
frontend/src/app/dashboard/history/page.tsx(131,23): error TS17004: Cannot use JSX unless the '--jsx' flag is provided.
frontend/src/app/dashboard/history/page.tsx(132,25): error TS17004: Cannot use JSX unless the '--jsx' flag is provided.
frontend/src/app/dashboard/history/page.tsx(140,23): error TS17004: Cannot use JSX unless the '--jsx' flag is provided.
frontend/src/app/dashboard/history/page.tsx(141,25): error TS17004: Cannot use JSX unless the '--jsx' flag is provided.
frontend/src/app/dashboard/history/page.tsx(148,23): error TS17004: Cannot use JSX unless the '--jsx' flag is provided.
frontend/src/app/dashboard/history/page.tsx(159,11): error TS17004: Cannot use JSX unless the '--jsx' flag is provided.
frontend/src/app/dashboard/history/page.tsx(160,13): error TS17004: Cannot use JSX unless the '--jsx' flag is provided.
frontend/src/app/dashboard/history/page.tsx(161,23): error TS17004: Cannot use JSX unless the '--jsx' flag is provided.
frontend/src/app/dashboard/history/page.tsx(161,95): error TS17004: Cannot use JSX unless the '--jsx' flag is provided.
frontend/src/app/dashboard/history/page.tsx(161,197): error TS17004: Cannot use JSX unless the '--jsx' flag is provided.
frontend/src/app/dashboard/history/page.tsx(163,13): error TS17004: Cannot use JSX unless the '--jsx' flag is provided.
frontend/src/app/dashboard/history/page.tsx(164,15): error TS17004: Cannot use JSX unless the '--jsx' flag is provided.
frontend/src/app/dashboard/history/page.tsx(169,17): error TS17004: Cannot use JSX unless the '--jsx' flag is provided.
frontend/src/app/dashboard/history/page.tsx(171,15): error TS17004: Cannot use JSX unless the '--jsx' flag is provided.
frontend/src/app/dashboard/history/page.tsx(172,15): error TS17004: Cannot use JSX unless the '--jsx' flag is provided.
frontend/src/app/dashboard/history/page.tsx(177,17): error TS17004: Cannot use JSX unless the '--jsx' flag is provided.
frontend/src/app/dashboard/page.tsx(16,17): error TS2307: Cannot find module '@/lib/api' or its corresponding type declarations.
frontend/src/app/dashboard/page.tsx(17,29): error TS2307: Cannot find module '@/components/layout/DashboardLayout' or its corresponding type declarations.
frontend/src/app/dashboard/page.tsx(18,63): error TS2307: Cannot find module '@/types' or its corresponding type declarations.
frontend/src/app/dashboard/page.tsx(20,20): error TS2307: Cannot find module '@/lib/utils' or its corresponding type declarations.
frontend/src/app/dashboard/page.tsx(21,29): error TS2307: Cannot find module '@/hooks/useAuth' or its corresponding type declarations.
frontend/src/app/dashboard/page.tsx(75,5): error TS17004: Cannot use JSX unless the '--jsx' flag is provided.
frontend/src/app/dashboard/page.tsx(76,7): error TS17004: Cannot use JSX unless the '--jsx' flag is provided.
frontend/src/app/dashboard/page.tsx(77,9): error TS17004: Cannot use JSX unless the '--jsx' flag is provided.
frontend/src/app/dashboard/page.tsx(78,11): error TS17004: Cannot use JSX unless the '--jsx' flag is provided.
frontend/src/app/dashboard/page.tsx(79,13): error TS17004: Cannot use JSX unless the '--jsx' flag is provided.
frontend/src/app/dashboard/page.tsx(80,13): error TS17004: Cannot use JSX unless the '--jsx' flag is provided.
frontend/src/app/dashboard/page.tsx(82,11): error TS17004: Cannot use JSX unless the '--jsx' flag is provided.
frontend/src/app/dashboard/page.tsx(84,15): error TS17004: Cannot use JSX unless the '--jsx' flag is provided.
frontend/src/app/dashboard/page.tsx(88,13): error TS17004: Cannot use JSX unless the '--jsx' flag is provided.
frontend/src/app/dashboard/page.tsx(95,9): error TS17004: Cannot use JSX unless the '--jsx' flag is provided.
frontend/src/app/dashboard/page.tsx(96,11): error TS17004: Cannot use JSX unless the '--jsx' flag is provided.
frontend/src/app/dashboard/page.tsx(102,11): error TS17004: Cannot use JSX unless the '--jsx' flag is provided.
frontend/src/app/dashboard/page.tsx(109,11): error TS17004: Cannot use JSX unless the '--jsx' flag is provided.
frontend/src/app/dashboard/page.tsx(116,11): error TS17004: Cannot use JSX unless the '--jsx' flag is provided.
frontend/src/app/dashboard/page.tsx(125,9): error TS17004: Cannot use JSX unless the '--jsx' flag is provided.
frontend/src/app/dashboard/page.tsx(127,11): error TS17004: Cannot use JSX unless the '--jsx' flag is provided.
frontend/src/app/dashboard/page.tsx(128,13): error TS17004: Cannot use JSX unless the '--jsx' flag is provided.
frontend/src/app/dashboard/page.tsx(129,15): error TS17004: Cannot use JSX unless the '--jsx' flag is provided.
frontend/src/app/dashboard/page.tsx(130,15): error TS17004: Cannot use JSX unless the '--jsx' flag is provided.
frontend/src/app/dashboard/page.tsx(131,26): error TS17004: Cannot use JSX unless the '--jsx' flag is provided.
frontend/src/app/dashboard/page.tsx(134,13): error TS17004: Cannot use JSX unless the '--jsx' flag is provided.
frontend/src/app/dashboard/page.tsx(135,15): error TS17004: Cannot use JSX unless the '--jsx' flag is provided.
frontend/src/app/dashboard/page.tsx(137,19): error TS17004: Cannot use JSX unless the '--jsx' flag is provided.
frontend/src/app/dashboard/page.tsx(140,21): error TS17004: Cannot use JSX unless the '--jsx' flag is provided.
frontend/src/app/dashboard/page.tsx(141,23): error TS17004: Cannot use JSX unless the '--jsx' flag is provided.
frontend/src/app/dashboard/page.tsx(142,25): error TS17004: Cannot use JSX unless the '--jsx' flag is provided.
frontend/src/app/dashboard/page.tsx(144,29): error TS17004: Cannot use JSX unless the '--jsx' flag is provided.
frontend/src/app/dashboard/page.tsx(149,25): error TS17004: Cannot use JSX unless the '--jsx' flag is provided.
frontend/src/app/dashboard/page.tsx(150,27): error TS17004: Cannot use JSX unless the '--jsx' flag is provided.
frontend/src/app/dashboard/page.tsx(154,27): error TS17004: Cannot use JSX unless the '--jsx' flag is provided.
frontend/src/app/dashboard/page.tsx(157,23): error TS17004: Cannot use JSX unless the '--jsx' flag is provided.
frontend/src/app/dashboard/page.tsx(158,25): error TS17004: Cannot use JSX unless the '--jsx' flag is provided.
frontend/src/app/dashboard/page.tsx(164,25): error TS17004: Cannot use JSX unless the '--jsx' flag is provided.
frontend/src/app/dashboard/page.tsx(179,11): error TS17004: Cannot use JSX unless the '--jsx' flag is provided.
frontend/src/app/dashboard/page.tsx(180,13): error TS17004: Cannot use JSX unless the '--jsx' flag is provided.
frontend/src/app/dashboard/page.tsx(181,13): error TS17004: Cannot use JSX unless the '--jsx' flag is provided.
frontend/src/app/dashboard/page.tsx(182,15): error TS17004: Cannot use JSX unless the '--jsx' flag is provided.
frontend/src/app/dashboard/page.tsx(184,19): error TS17004: Cannot use JSX unless the '--jsx' flag is provided.
frontend/src/app/dashboard/page.tsx(187,21): error TS17004: Cannot use JSX unless the '--jsx' flag is provided.
frontend/src/app/dashboard/page.tsx(188,23): error TS17004: Cannot use JSX unless the '--jsx' flag is provided.
frontend/src/app/dashboard/page.tsx(189,23): error TS17004: Cannot use JSX unless the '--jsx' flag is provided.
frontend/src/app/dashboard/page.tsx(190,25): error TS17004: Cannot use JSX unless the '--jsx' flag is provided.
frontend/src/app/dashboard/page.tsx(191,25): error TS17004: Cannot use JSX unless the '--jsx' flag is provided.
frontend/src/app/dashboard/page.tsx(197,15): error TS17004: Cannot use JSX unless the '--jsx' flag is provided.
frontend/src/app/dashboard/page.tsx(225,5): error TS17004: Cannot use JSX unless the '--jsx' flag is provided.
frontend/src/app/dashboard/page.tsx(226,7): error TS17004: Cannot use JSX unless the '--jsx' flag is provided.
frontend/src/app/dashboard/page.tsx(227,9): error TS17004: Cannot use JSX unless the '--jsx' flag is provided.
frontend/src/app/dashboard/page.tsx(228,11): error TS17004: Cannot use JSX unless the '--jsx' flag is provided.
frontend/src/app/dashboard/page.tsx(231,11): error TS17004: Cannot use JSX unless the '--jsx' flag is provided.
frontend/src/app/dashboard/page.tsx(240,7): error TS17004: Cannot use JSX unless the '--jsx' flag is provided.
frontend/src/app/dashboard/page.tsx(241,9): error TS17004: Cannot use JSX unless the '--jsx' flag is provided.
frontend/src/app/dashboard/page.tsx(242,9): error TS17004: Cannot use JSX unless the '--jsx' flag is provided.
frontend/src/app/dashboard/profile/page.tsx(17,17): error TS2307: Cannot find module '@/lib/api' or its corresponding type declarations.
frontend/src/app/dashboard/profile/page.tsx(18,29): error TS2307: Cannot find module '@/components/layout/DashboardLayout' or its corresponding type declarations.
frontend/src/app/dashboard/profile/page.tsx(73,7): error TS17004: Cannot use JSX unless the '--jsx' flag is provided.
frontend/src/app/dashboard/profile/page.tsx(74,9): error TS17004: Cannot use JSX unless the '--jsx' flag is provided.
frontend/src/app/dashboard/profile/page.tsx(75,11): error TS17004: Cannot use JSX unless the '--jsx' flag is provided.
frontend/src/app/dashboard/profile/page.tsx(76,11): error TS17004: Cannot use JSX unless the '--jsx' flag is provided.
frontend/src/app/dashboard/profile/page.tsx(77,13): error TS17004: Cannot use JSX unless the '--jsx' flag is provided.
frontend/src/app/dashboard/profile/page.tsx(78,13): error TS17004: Cannot use JSX unless the '--jsx' flag is provided.
frontend/src/app/dashboard/profile/page.tsx(86,5): error TS17004: Cannot use JSX unless the '--jsx' flag is provided.
frontend/src/app/dashboard/profile/page.tsx(87,7): error TS17004: Cannot use JSX unless the '--jsx' flag is provided.
frontend/src/app/dashboard/profile/page.tsx(88,9): error TS17004: Cannot use JSX unless the '--jsx' flag is provided.
frontend/src/app/dashboard/profile/page.tsx(89,11): error TS17004: Cannot use JSX unless the '--jsx' flag is provided.
frontend/src/app/dashboard/profile/page.tsx(90,11): error TS17004: Cannot use JSX unless the '--jsx' flag is provided.
frontend/src/app/dashboard/profile/page.tsx(93,9): error TS17004: Cannot use JSX unless the '--jsx' flag is provided.
frontend/src/app/dashboard/profile/page.tsx(95,11): error TS17004: Cannot use JSX unless the '--jsx' flag is provided.
frontend/src/app/dashboard/profile/page.tsx(96,13): error TS17004: Cannot use JSX unless the '--jsx' flag is provided.
frontend/src/app/dashboard/profile/page.tsx(97,15): error TS17004: Cannot use JSX unless the '--jsx' flag is provided.
frontend/src/app/dashboard/profile/page.tsx(98,17): error TS17004: Cannot use JSX unless the '--jsx' flag is provided.
frontend/src/app/dashboard/profile/page.tsx(100,21): error TS17004: Cannot use JSX unless the '--jsx' flag is provided.
frontend/src/app/dashboard/profile/page.tsx(105,17): error TS17004: Cannot use JSX unless the '--jsx' flag is provided.
frontend/src/app/dashboard/profile/page.tsx(106,19): error TS17004: Cannot use JSX unless the '--jsx' flag is provided.
frontend/src/app/dashboard/profile/page.tsx(109,15): error TS17004: Cannot use JSX unless the '--jsx' flag is provided.
frontend/src/app/dashboard/profile/page.tsx(110,15): error TS17004: Cannot use JSX unless the '--jsx' flag is provided.
frontend/src/app/dashboard/profile/page.tsx(111,17): error TS17004: Cannot use JSX unless the '--jsx' flag is provided.
frontend/src/app/dashboard/profile/page.tsx(113,15): error TS17004: Cannot use JSX unless the '--jsx' flag is provided.
frontend/src/app/dashboard/profile/page.tsx(114,17): error TS17004: Cannot use JSX unless the '--jsx' flag is provided.
frontend/src/app/dashboard/profile/page.tsx(115,19): error TS17004: Cannot use JSX unless the '--jsx' flag is provided.
frontend/src/app/dashboard/profile/page.tsx(116,19): error TS17004: Cannot use JSX unless the '--jsx' flag is provided.
frontend/src/app/dashboard/profile/page.tsx(118,17): error TS17004: Cannot use JSX unless the '--jsx' flag is provided.
frontend/src/app/dashboard/profile/page.tsx(119,19): error TS17004: Cannot use JSX unless the '--jsx' flag is provided.
frontend/src/app/dashboard/profile/page.tsx(120,19): error TS17004: Cannot use JSX unless the '--jsx' flag is provided.
frontend/src/app/dashboard/profile/page.tsx(125,13): error TS17004: Cannot use JSX unless the '--jsx' flag is provided.
frontend/src/app/dashboard/profile/page.tsx(126,15): error TS17004: Cannot use JSX unless the '--jsx' flag is provided.
frontend/src/app/dashboard/profile/page.tsx(127,17): error TS17004: Cannot use JSX unless the '--jsx' flag is provided.
frontend/src/app/dashboard/profile/page.tsx(128,17): error TS17004: Cannot use JSX unless the '--jsx' flag is provided.
frontend/src/app/dashboard/profile/page.tsx(129,19): error TS17004: Cannot use JSX unless the '--jsx' flag is provided.
frontend/src/app/dashboard/profile/page.tsx(130,19): error TS17004: Cannot use JSX unless the '--jsx' flag is provided.
frontend/src/app/dashboard/profile/page.tsx(139,11): error TS17004: Cannot use JSX unless the '--jsx' flag is provided.
frontend/src/app/dashboard/profile/page.tsx(140,13): error TS17004: Cannot use JSX unless the '--jsx' flag is provided.
frontend/src/app/dashboard/profile/page.tsx(141,15): error TS17004: Cannot use JSX unless the '--jsx' flag is provided.
frontend/src/app/dashboard/profile/page.tsx(142,17): error TS17004: Cannot use JSX unless the '--jsx' flag is provided.
frontend/src/app/dashboard/profile/page.tsx(144,15): error TS17004: Cannot use JSX unless the '--jsx' flag is provided.
frontend/src/app/dashboard/profile/page.tsx(145,17): error TS17004: Cannot use JSX unless the '--jsx' flag is provided.
frontend/src/app/dashboard/profile/page.tsx(147,19): error TS17004: Cannot use JSX unless the '--jsx' flag is provided.
frontend/src/app/dashboard/profile/page.tsx(148,21): error TS17004: Cannot use JSX unless the '--jsx' flag is provided.
frontend/src/app/dashboard/profile/page.tsx(149,21): error TS17004: Cannot use JSX unless the '--jsx' flag is provided.
frontend/src/app/dashboard/profile/page.tsx(150,23): error TS17004: Cannot use JSX unless the '--jsx' flag is provided.
frontend/src/app/dashboard/profile/page.tsx(151,23): error TS17004: Cannot use JSX unless the '--jsx' flag is provided.
frontend/src/app/dashboard/profile/page.tsx(157,42): error TS17004: Cannot use JSX unless the '--jsx' flag is provided.
frontend/src/app/dashboard/profile/page.tsx(160,19): error TS17004: Cannot use JSX unless the '--jsx' flag is provided.
frontend/src/app/dashboard/profile/page.tsx(161,21): error TS17004: Cannot use JSX unless the '--jsx' flag is provided.
frontend/src/app/dashboard/profile/page.tsx(162,21): error TS17004: Cannot use JSX unless the '--jsx' flag is provided.
frontend/src/app/dashboard/profile/page.tsx(163,23): error TS17004: Cannot use JSX unless the '--jsx' flag is provided.
frontend/src/app/dashboard/profile/page.tsx(164,23): error TS17004: Cannot use JSX unless the '--jsx' flag is provided.
frontend/src/app/dashboard/profile/page.tsx(170,41): error TS17004: Cannot use JSX unless the '--jsx' flag is provided.
frontend/src/app/dashboard/profile/page.tsx(173,19): error TS17004: Cannot use JSX unless the '--jsx' flag is provided.
frontend/src/app/dashboard/profile/page.tsx(174,21): error TS17004: Cannot use JSX unless the '--jsx' flag is provided.
frontend/src/app/dashboard/profile/page.tsx(175,21): error TS17004: Cannot use JSX unless the '--jsx' flag is provided.
frontend/src/app/dashboard/profile/page.tsx(176,23): error TS17004: Cannot use JSX unless the '--jsx' flag is provided.
frontend/src/app/dashboard/profile/page.tsx(177,23): error TS17004: Cannot use JSX unless the '--jsx' flag is provided.
frontend/src/app/dashboard/profile/page.tsx(183,44): error TS17004: Cannot use JSX unless the '--jsx' flag is provided.
frontend/src/app/dashboard/profile/page.tsx(186,19): error TS17004: Cannot use JSX unless the '--jsx' flag is provided.
frontend/src/app/dashboard/profile/page.tsx(187,21): error TS17004: Cannot use JSX unless the '--jsx' flag is provided.
frontend/src/app/dashboard/profile/page.tsx(188,21): error TS17004: Cannot use JSX unless the '--jsx' flag is provided.
frontend/src/app/dashboard/profile/page.tsx(189,23): error TS17004: Cannot use JSX unless the '--jsx' flag is provided.
frontend/src/app/dashboard/profile/page.tsx(193,25): error TS17004: Cannot use JSX unless the '--jsx' flag is provided.
frontend/src/app/dashboard/profile/page.tsx(194,25): error TS17004: Cannot use JSX unless the '--jsx' flag is provided.
frontend/src/app/dashboard/profile/page.tsx(195,25): error TS17004: Cannot use JSX unless the '--jsx' flag is provided.
frontend/src/app/dashboard/profile/page.tsx(198,51): error TS17004: Cannot use JSX unless the '--jsx' flag is provided.
frontend/src/app/dashboard/profile/page.tsx(201,19): error TS17004: Cannot use JSX unless the '--jsx' flag is provided.
frontend/src/app/dashboard/profile/page.tsx(202,21): error TS17004: Cannot use JSX unless the '--jsx' flag is provided.
frontend/src/app/dashboard/profile/page.tsx(203,21): error TS17004: Cannot use JSX unless the '--jsx' flag is provided.
frontend/src/app/dashboard/profile/page.tsx(204,23): error TS17004: Cannot use JSX unless the '--jsx' flag is provided.
frontend/src/app/dashboard/profile/page.tsx(205,23): error TS17004: Cannot use JSX unless the '--jsx' flag is provided.
frontend/src/app/dashboard/profile/page.tsx(214,17): error TS17004: Cannot use JSX unless the '--jsx' flag is provided.
frontend/src/app/dashboard/profile/page.tsx(215,19): error TS17004: Cannot use JSX unless the '--jsx' flag is provided.
frontend/src/app/dashboard/profile/page.tsx(221,23): error TS17004: Cannot use JSX unless the '--jsx' flag is provided.
frontend/src/app/dashboard/profile/page.tsx(223,23): error TS17004: Cannot use JSX unless the '--jsx' flag is provided.
frontend/src/app/dashboard/profile/page.tsx(224,25): error TS17004: Cannot use JSX unless the '--jsx' flag is provided.
frontend/src/app/dashboard/profile/page.tsx(225,25): error TS17004: Cannot use JSX unless the '--jsx' flag is provided.
frontend/src/app/dashboard/wallet/page.tsx(17,17): error TS2307: Cannot find module '@/lib/api' or its corresponding type declarations.
frontend/src/app/dashboard/wallet/page.tsx(18,29): error TS2307: Cannot find module '@/components/layout/DashboardLayout' or its corresponding type declarations.
frontend/src/app/dashboard/wallet/page.tsx(20,20): error TS2307: Cannot find module '@/lib/utils' or its corresponding type declarations.
frontend/src/app/dashboard/wallet/page.tsx(21,29): error TS2307: Cannot find module '@/types' or its corresponding type declarations.
frontend/src/app/dashboard/wallet/page.tsx(22,29): error TS2307: Cannot find module '@/hooks/useAuth' or its corresponding type declarations.
frontend/src/app/dashboard/wallet/page.tsx(115,5): error TS17004: Cannot use JSX unless the '--jsx' flag is provided.
frontend/src/app/dashboard/wallet/page.tsx(116,7): error TS17004: Cannot use JSX unless the '--jsx' flag is provided.
frontend/src/app/dashboard/wallet/page.tsx(117,9): error TS17004: Cannot use JSX unless the '--jsx' flag is provided.
frontend/src/app/dashboard/wallet/page.tsx(118,11): error TS17004: Cannot use JSX unless the '--jsx' flag is provided.
frontend/src/app/dashboard/wallet/page.tsx(119,11): error TS17004: Cannot use JSX unless the '--jsx' flag is provided.
frontend/src/app/dashboard/wallet/page.tsx(123,13): error TS17004: Cannot use JSX unless the '--jsx' flag is provided.
frontend/src/app/dashboard/wallet/page.tsx(128,9): error TS17004: Cannot use JSX unless the '--jsx' flag is provided.
frontend/src/app/dashboard/wallet/page.tsx(129,11): error TS17004: Cannot use JSX unless the '--jsx' flag is provided.
frontend/src/app/dashboard/wallet/page.tsx(130,13): error TS17004: Cannot use JSX unless the '--jsx' flag is provided.
frontend/src/app/dashboard/wallet/page.tsx(131,13): error TS17004: Cannot use JSX unless the '--jsx' flag is provided.
frontend/src/app/dashboard/wallet/page.tsx(132,15): error TS17004: Cannot use JSX unless the '--jsx' flag is provided.
frontend/src/app/dashboard/wallet/page.tsx(133,17): error TS17004: Cannot use JSX unless the '--jsx' flag is provided.
frontend/src/app/dashboard/wallet/page.tsx(135,15): error TS17004: Cannot use JSX unless the '--jsx' flag is provided.
frontend/src/app/dashboard/wallet/page.tsx(137,13): error TS17004: Cannot use JSX unless the '--jsx' flag is provided.
frontend/src/app/dashboard/wallet/page.tsx(139,17): error TS17004: Cannot use JSX unless the '--jsx' flag is provided.
frontend/src/app/dashboard/wallet/page.tsx(144,13): error TS17004: Cannot use JSX unless the '--jsx' flag is provided.
frontend/src/app/dashboard/wallet/page.tsx(145,15): error TS17004: Cannot use JSX unless the '--jsx' flag is provided.
frontend/src/app/dashboard/wallet/page.tsx(150,11): error TS17004: Cannot use JSX unless the '--jsx' flag is provided.
frontend/src/app/dashboard/wallet/page.tsx(151,13): error TS17004: Cannot use JSX unless the '--jsx' flag is provided.
frontend/src/app/dashboard/wallet/page.tsx(152,15): error TS17004: Cannot use JSX unless the '--jsx' flag is provided.
frontend/src/app/dashboard/wallet/page.tsx(157,15): error TS17004: Cannot use JSX unless the '--jsx' flag is provided.
frontend/src/app/dashboard/wallet/page.tsx(158,17): error TS17004: Cannot use JSX unless the '--jsx' flag is provided.
frontend/src/app/dashboard/wallet/page.tsx(159,19): error TS17004: Cannot use JSX unless the '--jsx' flag is provided.
frontend/src/app/dashboard/wallet/page.tsx(164,42): error TS17004: Cannot use JSX unless the '--jsx' flag is provided.
frontend/src/app/dashboard/wallet/page.tsx(166,17): error TS17004: Cannot use JSX unless the '--jsx' flag is provided.
frontend/src/app/dashboard/wallet/page.tsx(171,47): error TS17004: Cannot use JSX unless the '--jsx' flag is provided.
frontend/src/app/dashboard/wallet/page.tsx(175,15): error TS17004: Cannot use JSX unless the '--jsx' flag is provided.
frontend/src/app/dashboard/wallet/page.tsx(177,17): error TS17004: Cannot use JSX unless the '--jsx' flag is provided.
frontend/src/app/dashboard/wallet/page.tsx(178,19): error TS17004: Cannot use JSX unless the '--jsx' flag is provided.
frontend/src/app/dashboard/wallet/page.tsx(179,21): error TS17004: Cannot use JSX unless the '--jsx' flag is provided.
frontend/src/app/dashboard/wallet/page.tsx(181,25): error TS17004: Cannot use JSX unless the '--jsx' flag is provided.
frontend/src/app/dashboard/wallet/page.tsx(186,21): error TS17004: Cannot use JSX unless the '--jsx' flag is provided.
frontend/src/app/dashboard/wallet/page.tsx(187,23): error TS17004: Cannot use JSX unless the '--jsx' flag is provided.
frontend/src/app/dashboard/wallet/page.tsx(188,23): error TS17004: Cannot use JSX unless the '--jsx' flag is provided.
frontend/src/app/dashboard/wallet/page.tsx(191,19): error TS17004: Cannot use JSX unless the '--jsx' flag is provided.
frontend/src/app/dashboard/wallet/page.tsx(199,17): error TS17004: Cannot use JSX unless the '--jsx' flag is provided.
frontend/src/app/dashboard/wallet/page.tsx(200,19): error TS17004: Cannot use JSX unless the '--jsx' flag is provided.
frontend/src/app/dashboard/wallet/page.tsx(201,21): error TS17004: Cannot use JSX unless the '--jsx' flag is provided.
frontend/src/app/dashboard/wallet/page.tsx(202,21): error TS17004: Cannot use JSX unless the '--jsx' flag is provided.
frontend/src/app/dashboard/wallet/page.tsx(209,45): error TS17004: Cannot use JSX unless the '--jsx' flag is provided.
frontend/src/app/dashboard/wallet/page.tsx(211,19): error TS17004: Cannot use JSX unless the '--jsx' flag is provided.
frontend/src/app/dashboard/wallet/page.tsx(216,51): error TS17004: Cannot use JSX unless the '--jsx' flag is provided.
frontend/src/app/dashboard/wallet/page.tsx(225,9): error TS17004: Cannot use JSX unless the '--jsx' flag is provided.
frontend/src/app/dashboard/wallet/page.tsx(226,11): error TS17004: Cannot use JSX unless the '--jsx' flag is provided.
frontend/src/app/dashboard/wallet/page.tsx(227,13): error TS17004: Cannot use JSX unless the '--jsx' flag is provided.
frontend/src/app/dashboard/wallet/page.tsx(228,15): error TS17004: Cannot use JSX unless the '--jsx' flag is provided.
frontend/src/app/dashboard/wallet/page.tsx(232,11): error TS17004: Cannot use JSX unless the '--jsx' flag is provided.
frontend/src/app/dashboard/wallet/page.tsx(233,13): error TS17004: Cannot use JSX unless the '--jsx' flag is provided.
frontend/src/app/dashboard/wallet/page.tsx(234,15): error TS17004: Cannot use JSX unless the '--jsx' flag is provided.
frontend/src/app/dashboard/wallet/page.tsx(235,17): error TS17004: Cannot use JSX unless the '--jsx' flag is provided.
frontend/src/app/dashboard/wallet/page.tsx(236,19): error TS17004: Cannot use JSX unless the '--jsx' flag is provided.
frontend/src/app/dashboard/wallet/page.tsx(237,19): error TS17004: Cannot use JSX unless the '--jsx' flag is provided.
frontend/src/app/dashboard/wallet/page.tsx(238,19): error TS17004: Cannot use JSX unless the '--jsx' flag is provided.
frontend/src/app/dashboard/wallet/page.tsx(239,19): error TS17004: Cannot use JSX unless the '--jsx' flag is provided.
frontend/src/app/dashboard/wallet/page.tsx(242,15): error TS17004: Cannot use JSX unless the '--jsx' flag is provided.
frontend/src/app/dashboard/wallet/page.tsx(245,21): error TS17004: Cannot use JSX unless the '--jsx' flag is provided.
frontend/src/app/dashboard/wallet/page.tsx(246,23): error TS17004: Cannot use JSX unless the '--jsx' flag is provided.
frontend/src/app/dashboard/wallet/page.tsx(250,19): error TS17004: Cannot use JSX unless the '--jsx' flag is provided.
frontend/src/app/dashboard/wallet/page.tsx(251,21): error TS17004: Cannot use JSX unless the '--jsx' flag is provided.
frontend/src/app/dashboard/wallet/page.tsx(255,21): error TS17004: Cannot use JSX unless the '--jsx' flag is provided.
frontend/src/app/dashboard/wallet/page.tsx(256,23): error TS17004: Cannot use JSX unless the '--jsx' flag is provided.
frontend/src/app/dashboard/wallet/page.tsx(257,25): error TS17004: Cannot use JSX unless the '--jsx' flag is provided.
frontend/src/app/dashboard/wallet/page.tsx(266,23): error TS17004: Cannot use JSX unless the '--jsx' flag is provided.
frontend/src/app/dashboard/wallet/page.tsx(267,25): error TS17004: Cannot use JSX unless the '--jsx' flag is provided.
frontend/src/app/dashboard/wallet/page.tsx(268,27): error TS17004: Cannot use JSX unless the '--jsx' flag is provided.
frontend/src/app/dashboard/wallet/page.tsx(270,31): error TS17004: Cannot use JSX unless the '--jsx' flag is provided.
frontend/src/app/dashboard/wallet/page.tsx(275,27): error TS17004: Cannot use JSX unless the '--jsx' flag is provided.
frontend/src/app/dashboard/wallet/page.tsx(276,29): error TS17004: Cannot use JSX unless the '--jsx' flag is provided.
frontend/src/app/dashboard/wallet/page.tsx(280,29): error TS17004: Cannot use JSX unless the '--jsx' flag is provided.
frontend/src/app/dashboard/wallet/page.tsx(284,23): error TS17004: Cannot use JSX unless the '--jsx' flag is provided.
frontend/src/app/dashboard/wallet/page.tsx(290,23): error TS17004: Cannot use JSX unless the '--jsx' flag is provided.
frontend/src/app/layout.tsx(4,27): error TS2307: Cannot find module '@/components/providers/QueryProvider' or its corresponding type declarations.
frontend/src/app/layout.tsx(5,28): error TS2307: Cannot find module '@/components/providers/SocketProvider' or its corresponding type declarations.
frontend/src/app/layout.tsx(21,5): error TS17004: Cannot use JSX unless the '--jsx' flag is provided.
frontend/src/app/layout.tsx(22,7): error TS17004: Cannot use JSX unless the '--jsx' flag is provided.
frontend/src/app/layout.tsx(23,9): error TS17004: Cannot use JSX unless the '--jsx' flag is provided.
frontend/src/app/layout.tsx(24,11): error TS17004: Cannot use JSX unless the '--jsx' flag is provided.
frontend/src/app/layout.tsx(26,13): error TS17004: Cannot use JSX unless the '--jsx' flag is provided.
frontend/src/app/login/page.tsx(10,17): error TS2307: Cannot find module '@/lib/api' or its corresponding type declarations.
frontend/src/app/login/page.tsx(11,25): error TS2307: Cannot find module '@/hooks/useAuth' or its corresponding type declarations.
frontend/src/app/login/page.tsx(42,5): error TS17004: Cannot use JSX unless the '--jsx' flag is provided.
frontend/src/app/login/page.tsx(43,7): error TS17004: Cannot use JSX unless the '--jsx' flag is provided.
frontend/src/app/login/page.tsx(44,9): error TS17004: Cannot use JSX unless the '--jsx' flag is provided.
frontend/src/app/login/page.tsx(45,11): error TS17004: Cannot use JSX unless the '--jsx' flag is provided.
frontend/src/app/login/page.tsx(46,13): error TS17004: Cannot use JSX unless the '--jsx' flag is provided.
frontend/src/app/login/page.tsx(48,11): error TS17004: Cannot use JSX unless the '--jsx' flag is provided.
frontend/src/app/login/page.tsx(49,11): error TS17004: Cannot use JSX unless the '--jsx' flag is provided.
frontend/src/app/login/page.tsx(51,13): error TS17004: Cannot use JSX unless the '--jsx' flag is provided.
frontend/src/app/login/page.tsx(57,9): error TS17004: Cannot use JSX unless the '--jsx' flag is provided.
frontend/src/app/login/page.tsx(58,11): error TS17004: Cannot use JSX unless the '--jsx' flag is provided.
frontend/src/app/login/page.tsx(59,13): error TS17004: Cannot use JSX unless the '--jsx' flag is provided.
frontend/src/app/login/page.tsx(60,15): error TS17004: Cannot use JSX unless the '--jsx' flag is provided.
frontend/src/app/login/page.tsx(61,15): error TS17004: Cannot use JSX unless the '--jsx' flag is provided.
frontend/src/app/login/page.tsx(67,32): error TS17004: Cannot use JSX unless the '--jsx' flag is provided.
frontend/src/app/login/page.tsx(69,13): error TS17004: Cannot use JSX unless the '--jsx' flag is provided.
frontend/src/app/login/page.tsx(70,15): error TS17004: Cannot use JSX unless the '--jsx' flag is provided.
frontend/src/app/login/page.tsx(71,15): error TS17004: Cannot use JSX unless the '--jsx' flag is provided.
frontend/src/app/login/page.tsx(77,35): error TS17004: Cannot use JSX unless the '--jsx' flag is provided.
frontend/src/app/login/page.tsx(81,11): error TS17004: Cannot use JSX unless the '--jsx' flag is provided.
frontend/src/app/login/page.tsx(87,15): error TS17004: Cannot use JSX unless the '--jsx' flag is provided.
frontend/src/app/register/page.tsx(10,17): error TS2307: Cannot find module '@/lib/api' or its corresponding type declarations.
frontend/src/app/register/page.tsx(43,5): error TS17004: Cannot use JSX unless the '--jsx' flag is provided.
frontend/src/app/register/page.tsx(44,7): error TS17004: Cannot use JSX unless the '--jsx' flag is provided.
frontend/src/app/register/page.tsx(45,9): error TS17004: Cannot use JSX unless the '--jsx' flag is provided.
frontend/src/app/register/page.tsx(46,11): error TS17004: Cannot use JSX unless the '--jsx' flag is provided.
frontend/src/app/register/page.tsx(47,13): error TS17004: Cannot use JSX unless the '--jsx' flag is provided.
frontend/src/app/register/page.tsx(49,11): error TS17004: Cannot use JSX unless the '--jsx' flag is provided.
frontend/src/app/register/page.tsx(50,11): error TS17004: Cannot use JSX unless the '--jsx' flag is provided.
frontend/src/app/register/page.tsx(52,13): error TS17004: Cannot use JSX unless the '--jsx' flag is provided.
frontend/src/app/register/page.tsx(58,9): error TS17004: Cannot use JSX unless the '--jsx' flag is provided.
frontend/src/app/register/page.tsx(59,11): error TS17004: Cannot use JSX unless the '--jsx' flag is provided.
frontend/src/app/register/page.tsx(60,13): error TS17004: Cannot use JSX unless the '--jsx' flag is provided.
frontend/src/app/register/page.tsx(61,15): error TS17004: Cannot use JSX unless the '--jsx' flag is provided.
frontend/src/app/register/page.tsx(62,15): error TS17004: Cannot use JSX unless the '--jsx' flag is provided.
frontend/src/app/register/page.tsx(68,31): error TS17004: Cannot use JSX unless the '--jsx' flag is provided.
frontend/src/app/register/page.tsx(70,13): error TS17004: Cannot use JSX unless the '--jsx' flag is provided.
frontend/src/app/register/page.tsx(71,15): error TS17004: Cannot use JSX unless the '--jsx' flag is provided.
frontend/src/app/register/page.tsx(72,15): error TS17004: Cannot use JSX unless the '--jsx' flag is provided.
frontend/src/app/register/page.tsx(78,32): error TS17004: Cannot use JSX unless the '--jsx' flag is provided.
frontend/src/app/register/page.tsx(80,13): error TS17004: Cannot use JSX unless the '--jsx' flag is provided.
frontend/src/app/register/page.tsx(81,15): error TS17004: Cannot use JSX unless the '--jsx' flag is provided.
frontend/src/app/register/page.tsx(82,15): error TS17004: Cannot use JSX unless the '--jsx' flag is provided.
frontend/src/app/register/page.tsx(88,35): error TS17004: Cannot use JSX unless the '--jsx' flag is provided.
frontend/src/app/register/page.tsx(92,11): error TS17004: Cannot use JSX unless the '--jsx' flag is provided.
frontend/src/app/register/page.tsx(98,15): error TS17004: Cannot use JSX unless the '--jsx' flag is provided.
frontend/src/components/layout/DashboardLayout.tsx(17,25): error TS2307: Cannot find module '@/hooks/useAuth' or its corresponding type declarations.
frontend/src/components/layout/DashboardLayout.tsx(18,20): error TS2307: Cannot find module '@/lib/utils' or its corresponding type declarations.
frontend/src/components/layout/DashboardLayout.tsx(45,5): error TS17004: Cannot use JSX unless the '--jsx' flag is provided.
frontend/src/components/layout/DashboardLayout.tsx(48,9): error TS17004: Cannot use JSX unless the '--jsx' flag is provided.
frontend/src/components/layout/DashboardLayout.tsx(55,7): error TS17004: Cannot use JSX unless the '--jsx' flag is provided.
frontend/src/components/layout/DashboardLayout.tsx(59,9): error TS17004: Cannot use JSX unless the '--jsx' flag is provided.
frontend/src/components/layout/DashboardLayout.tsx(60,11): error TS17004: Cannot use JSX unless the '--jsx' flag is provided.
frontend/src/components/layout/DashboardLayout.tsx(61,13): error TS17004: Cannot use JSX unless the '--jsx' flag is provided.
frontend/src/components/layout/DashboardLayout.tsx(62,15): error TS17004: Cannot use JSX unless the '--jsx' flag is provided.
frontend/src/components/layout/DashboardLayout.tsx(64,13): error TS17004: Cannot use JSX unless the '--jsx' flag is provided.
frontend/src/components/layout/DashboardLayout.tsx(67,11): error TS17004: Cannot use JSX unless the '--jsx' flag is provided.
frontend/src/components/layout/DashboardLayout.tsx(71,17): error TS17004: Cannot use JSX unless the '--jsx' flag is provided.
frontend/src/components/layout/DashboardLayout.tsx(81,19): error TS17004: Cannot use JSX unless the '--jsx' flag is provided.
frontend/src/components/layout/DashboardLayout.tsx(88,11): error TS17004: Cannot use JSX unless the '--jsx' flag is provided.
frontend/src/components/layout/DashboardLayout.tsx(89,13): error TS17004: Cannot use JSX unless the '--jsx' flag is provided.
frontend/src/components/layout/DashboardLayout.tsx(93,15): error TS17004: Cannot use JSX unless the '--jsx' flag is provided.
frontend/src/components/layout/DashboardLayout.tsx(101,7): error TS17004: Cannot use JSX unless the '--jsx' flag is provided.
frontend/src/components/layout/DashboardLayout.tsx(102,9): error TS17004: Cannot use JSX unless the '--jsx' flag is provided.
frontend/src/components/layout/DashboardLayout.tsx(103,11): error TS17004: Cannot use JSX unless the '--jsx' flag is provided.
frontend/src/components/layout/DashboardLayout.tsx(107,13): error TS17004: Cannot use JSX unless the '--jsx' flag is provided.
frontend/src/components/layout/DashboardLayout.tsx(110,11): error TS17004: Cannot use JSX unless the '--jsx' flag is provided.
frontend/src/components/layout/DashboardLayout.tsx(111,13): error TS17004: Cannot use JSX unless the '--jsx' flag is provided.
frontend/src/components/layout/DashboardLayout.tsx(112,15): error TS17004: Cannot use JSX unless the '--jsx' flag is provided.
frontend/src/components/layout/DashboardLayout.tsx(113,15): error TS17004: Cannot use JSX unless the '--jsx' flag is provided.
frontend/src/components/layout/DashboardLayout.tsx(115,13): error TS17004: Cannot use JSX unless the '--jsx' flag is provided.
frontend/src/components/layout/DashboardLayout.tsx(117,17): error TS17004: Cannot use JSX unless the '--jsx' flag is provided.
frontend/src/components/layout/DashboardLayout.tsx(125,9): error TS17004: Cannot use JSX unless the '--jsx' flag is provided.
frontend/src/components/layout/DashboardLayout.tsx(126,11): error TS17004: Cannot use JSX unless the '--jsx' flag is provided.
frontend/src/components/providers/QueryProvider.tsx(21,5): error TS17004: Cannot use JSX unless the '--jsx' flag is provided.
frontend/src/components/providers/SocketProvider.tsx(5,25): error TS2307: Cannot find module '@/hooks/useAuth' or its corresponding type declarations.
frontend/src/components/providers/SocketProvider.tsx(55,5): error TS17004: Cannot use JSX unless the '--jsx' flag is provided.
frontend/src/hooks/useAuth.ts(5,17): error TS2307: Cannot find module '@/lib/api' or its corresponding type declarations.
test/app.e2e-spec.ts(5,27): error TS2307: Cannot find module './../src/app.module' or its corresponding type declarations.
test/app.e2e-spec.ts(20,12): error TS2349: This expression is not callable.
  Type '{ default: SuperTestStatic; Test: typeof Test; agent: typeof TestAgent & ((app?: App | undefined, options?: AgentOptions | undefined) => TestAgent<...>); }' has no call signatures.
